2026-02-22 09:24:42,690 - student_client.student_gym_env - INFO - Client version 0.3 is newer than latest 0.2
2026-02-22 09:24:42,730 - student_client.student_gym_env - INFO - Created new session: 55edea47-a36e-40ba-9799-ffe99a95088a
2026-02-22 09:24:45,204 - student_client.student_gym_env - INFO - Created new episode: 5f969dbb-2b63-4008-bf08-324f42770daa
2026-02-22 09:24:45,204 - student_client.student_gym_env - INFO - StudentGymEnv initialized with episode 5f969dbb-2b63-4008-bf08-324f42770daa
2026-02-22 09:24:46,330 - student_client.student_gym_env - INFO - Episode 5f969dbb-2b63-4008-bf08-324f42770daa reset successfully

Starting data collection for 50 episodes...

--- Episode 1/50 ---
2026-02-22 09:24:48,751 - student_client.student_gym_env - INFO - Episode 5f969dbb-2b63-4008-bf08-324f42770daa reset successfully
 Obs shape=(10, 9) Reward=460.07, Total Episode Reward=460.07
 Obs shape=(10, 9) Reward=400.67, Total Episode Reward=860.74
 Obs shape=(10, 9) Reward=377.90, Total Episode Reward=1238.64
 Obs shape=(10, 9) Reward=331.90, Total Episode Reward=1570.54
 Obs shape=(10, 9) Reward=271.27, Total Episode Reward=1841.81
 Obs shape=(10, 9) Reward=238.39, Total Episode Reward=2080.21
 Obs shape=(10, 9) Reward=204.74, Total Episode Reward=2284.95
 Obs shape=(10, 9) Reward=173.27, Total Episode Reward=2458.21
 Obs shape=(10, 9) Reward=115.33, Total Episode Reward=2573.55
Episode 5f969dbb-2b63-4008-bf08-324f42770daa reached termination state, reason: failure
 Obs shape=(6, 9) Reward=-1000.00, Total Episode Reward=1573.55
üèÅ Episode 1 ended. Total Reward: 1573.55

--- Saving data after 1 episodes ---
Data saved to collected_data/004_observations.npy, collected_data/004_rewards.npy, and collected_data/004_steps.npy

--- Episode 2/50 ---
2026-02-22 09:25:20,979 - student_client.student_gym_env - INFO - Episode 5f969dbb-2b63-4008-bf08-324f42770daa reset successfully
 Obs shape=(10, 9) Reward=462.08, Total Episode Reward=462.08
 Obs shape=(10, 9) Reward=405.07, Total Episode Reward=867.14
 Obs shape=(10, 9) Reward=370.95, Total Episode Reward=1238.10
 Obs shape=(10, 9) Reward=330.59, Total Episode Reward=1568.69
 Obs shape=(10, 9) Reward=286.73, Total Episode Reward=1855.42
 Obs shape=(10, 9) Reward=259.49, Total Episode Reward=2114.91
 Obs shape=(10, 9) Reward=214.10, Total Episode Reward=2329.02
Episode 5f969dbb-2b63-4008-bf08-324f42770daa reached termination state, reason: failure
 Obs shape=(9, 9) Reward=-1000.00, Total Episode Reward=1329.02
üèÅ Episode 2 ended. Total Reward: 1329.02

--- Saving data after 2 episodes ---
Data saved to collected_data/004_observations.npy, collected_data/004_rewards.npy, and collected_data/004_steps.npy

--- Episode 3/50 ---
2026-02-22 09:25:50,699 - student_client.student_gym_env - INFO - Episode 5f969dbb-2b63-4008-bf08-324f42770daa reset successfully
 Obs shape=(10, 9) Reward=461.38, Total Episode Reward=461.38
 Obs shape=(10, 9) Reward=417.89, Total Episode Reward=879.27
 Obs shape=(10, 9) Reward=359.56, Total Episode Reward=1238.83
 Obs shape=(10, 9) Reward=313.67, Total Episode Reward=1552.50
 Obs shape=(10, 9) Reward=284.58, Total Episode Reward=1837.08
 Obs shape=(10, 9) Reward=248.13, Total Episode Reward=2085.22
 Obs shape=(10, 9) Reward=210.30, Total Episode Reward=2295.51
Episode 5f969dbb-2b63-4008-bf08-324f42770daa reached termination state, reason: failure
 Obs shape=(8, 9) Reward=-1000.00, Total Episode Reward=1295.51
üèÅ Episode 3 ended. Total Reward: 1295.51

--- Saving data after 3 episodes ---
Data saved to collected_data/004_observations.npy, collected_data/004_rewards.npy, and collected_data/004_steps.npy

--- Episode 4/50 ---
2026-02-22 09:26:27,240 - student_client.student_gym_env - INFO - Episode 5f969dbb-2b63-4008-bf08-324f42770daa reset successfully
 Obs shape=(10, 9) Reward=451.38, Total Episode Reward=451.38
 Obs shape=(10, 9) Reward=421.21, Total Episode Reward=872.60
 Obs shape=(10, 9) Reward=371.31, Total Episode Reward=1243.90
 Obs shape=(10, 9) Reward=340.44, Total Episode Reward=1584.34
 Obs shape=(10, 9) Reward=313.45, Total Episode Reward=1897.79
 Obs shape=(10, 9) Reward=240.99, Total Episode Reward=2138.78
 Obs shape=(10, 9) Reward=197.59, Total Episode Reward=2336.38
 Obs shape=(10, 9) Reward=169.84, Total Episode Reward=2506.22
 Obs shape=(10, 9) Reward=147.81, Total Episode Reward=2654.03
 Obs shape=(10, 9) Reward=110.47, Total Episode Reward=2764.50
Episode 5f969dbb-2b63-4008-bf08-324f42770daa reached termination state, reason: failure
 Obs shape=(1, 9) Reward=-1000.00, Total Episode Reward=1764.50
üèÅ Episode 4 ended. Total Reward: 1764.50

--- Saving data after 4 episodes ---
Data saved to collected_data/004_observations.npy, collected_data/004_rewards.npy, and collected_data/004_steps.npy

--- Episode 5/50 ---
2026-02-22 09:27:23,734 - student_client.student_gym_env - INFO - Episode 5f969dbb-2b63-4008-bf08-324f42770daa reset successfully
 Obs shape=(10, 9) Reward=488.51, Total Episode Reward=488.51
 Obs shape=(10, 9) Reward=417.58, Total Episode Reward=906.09
 Obs shape=(10, 9) Reward=365.41, Total Episode Reward=1271.50
 Obs shape=(10, 9) Reward=334.92, Total Episode Reward=1606.42
 Obs shape=(10, 9) Reward=263.10, Total Episode Reward=1869.51
 Obs shape=(10, 9) Reward=265.41, Total Episode Reward=2134.92
 Obs shape=(10, 9) Reward=222.52, Total Episode Reward=2357.44
 Obs shape=(10, 9) Reward=159.65, Total Episode Reward=2517.09
 Obs shape=(10, 9) Reward=116.54, Total Episode Reward=2633.63
2026-02-22 09:28:04,321 - student_client.student_gym_env - ERROR - Failed to step episode 5f969dbb-2b63-4008-bf08-324f42770daa: Server error '500 Internal Server Error' for url 'http://rlchallenge.orailix.com/api/v1/episode/step'
For more information check: https://developer.mozilla.org/en-US/docs/Web/HTTP/Status/500
 Obs shape=(1, 9) Reward=0.00, Total Episode Reward=2633.63
üèÅ Episode 5 ended. Total Reward: 2633.63

--- Saving data after 5 episodes ---
Data saved to collected_data/004_observations.npy, collected_data/004_rewards.npy, and collected_data/004_steps.npy

--- Episode 6/50 ---
2026-02-22 09:28:07,488 - student_client.student_gym_env - INFO - Episode 5f969dbb-2b63-4008-bf08-324f42770daa reset successfully
 Obs shape=(10, 9) Reward=464.46, Total Episode Reward=464.46
 Obs shape=(10, 9) Reward=439.15, Total Episode Reward=903.61
 Obs shape=(10, 9) Reward=355.47, Total Episode Reward=1259.08
 Obs shape=(10, 9) Reward=342.36, Total Episode Reward=1601.44
 Obs shape=(10, 9) Reward=306.83, Total Episode Reward=1908.26
 Obs shape=(10, 9) Reward=253.80, Total Episode Reward=2162.06
 Obs shape=(10, 9) Reward=210.13, Total Episode Reward=2372.19
 Obs shape=(10, 9) Reward=164.99, Total Episode Reward=2537.18
 Obs shape=(10, 9) Reward=148.21, Total Episode Reward=2685.39
 Obs shape=(10, 9) Reward=91.57, Total Episode Reward=2776.96
 Obs shape=(10, 9) Reward=56.54, Total Episode Reward=2833.50
 Obs shape=(10, 9) Reward=18.85, Total Episode Reward=2852.35
Episode 5f969dbb-2b63-4008-bf08-324f42770daa reached termination state, reason: failure
 Obs shape=(9, 9) Reward=-1000.00, Total Episode Reward=1852.35
üèÅ Episode 6 ended. Total Reward: 1852.35

--- Saving data after 6 episodes ---
Data saved to collected_data/004_observations.npy, collected_data/004_rewards.npy, and collected_data/004_steps.npy

--- Episode 7/50 ---
2026-02-22 09:29:16,384 - student_client.student_gym_env - INFO - Episode 5f969dbb-2b63-4008-bf08-324f42770daa reset successfully
 Obs shape=(10, 9) Reward=454.64, Total Episode Reward=454.64
 Obs shape=(10, 9) Reward=427.75, Total Episode Reward=882.40
 Obs shape=(10, 9) Reward=379.44, Total Episode Reward=1261.83
 Obs shape=(10, 9) Reward=320.72, Total Episode Reward=1582.55
 Obs shape=(10, 9) Reward=281.81, Total Episode Reward=1864.36
 Obs shape=(10, 9) Reward=263.35, Total Episode Reward=2127.71
 Obs shape=(10, 9) Reward=222.39, Total Episode Reward=2350.10
 Obs shape=(10, 9) Reward=205.74, Total Episode Reward=2555.84
 Obs shape=(10, 9) Reward=140.33, Total Episode Reward=2696.17
 Obs shape=(10, 9) Reward=107.26, Total Episode Reward=2803.42
Episode 5f969dbb-2b63-4008-bf08-324f42770daa reached termination state, reason: failure
 Obs shape=(7, 9) Reward=-1000.00, Total Episode Reward=1803.42
üèÅ Episode 7 ended. Total Reward: 1803.42

--- Saving data after 7 episodes ---
Data saved to collected_data/004_observations.npy, collected_data/004_rewards.npy, and collected_data/004_steps.npy

--- Episode 8/50 ---
2026-02-22 09:30:14,248 - student_client.student_gym_env - INFO - Episode 5f969dbb-2b63-4008-bf08-324f42770daa reset successfully
 Obs shape=(10, 9) Reward=445.42, Total Episode Reward=445.42
 Obs shape=(10, 9) Reward=415.26, Total Episode Reward=860.68
 Obs shape=(10, 9) Reward=377.02, Total Episode Reward=1237.70
 Obs shape=(10, 9) Reward=327.42, Total Episode Reward=1565.12
 Obs shape=(10, 9) Reward=284.05, Total Episode Reward=1849.17
 Obs shape=(10, 9) Reward=225.05, Total Episode Reward=2074.22
 Obs shape=(10, 9) Reward=217.77, Total Episode Reward=2291.99
 Obs shape=(10, 9) Reward=164.55, Total Episode Reward=2456.53
 Obs shape=(10, 9) Reward=153.50, Total Episode Reward=2610.03
 Obs shape=(10, 9) Reward=93.03, Total Episode Reward=2703.06
 Obs shape=(10, 9) Reward=53.19, Total Episode Reward=2756.25
 Obs shape=(10, 9) Reward=-12.94, Total Episode Reward=2743.31
 Obs shape=(10, 9) Reward=-22.84, Total Episode Reward=2720.47
Episode 5f969dbb-2b63-4008-bf08-324f42770daa reached termination state, reason: failure
 Obs shape=(1, 9) Reward=-1000.00, Total Episode Reward=1720.47
üèÅ Episode 8 ended. Total Reward: 1720.47

--- Saving data after 8 episodes ---
Data saved to collected_data/004_observations.npy, collected_data/004_rewards.npy, and collected_data/004_steps.npy

--- Episode 9/50 ---
2026-02-22 09:31:44,668 - student_client.student_gym_env - INFO - Episode 5f969dbb-2b63-4008-bf08-324f42770daa reset successfully
 Obs shape=(10, 9) Reward=450.37, Total Episode Reward=450.37
 Obs shape=(10, 9) Reward=430.19, Total Episode Reward=880.56
 Obs shape=(10, 9) Reward=373.40, Total Episode Reward=1253.96
 Obs shape=(10, 9) Reward=336.10, Total Episode Reward=1590.05
 Obs shape=(10, 9) Reward=310.11, Total Episode Reward=1900.16
 Obs shape=(10, 9) Reward=248.15, Total Episode Reward=2148.31
 Obs shape=(10, 9) Reward=204.32, Total Episode Reward=2352.64
 Obs shape=(10, 9) Reward=193.69, Total Episode Reward=2546.33
Episode 5f969dbb-2b63-4008-bf08-324f42770daa reached termination state, reason: failure
 Obs shape=(6, 9) Reward=-1000.00, Total Episode Reward=1546.33
üèÅ Episode 9 ended. Total Reward: 1546.33

--- Saving data after 9 episodes ---
Data saved to collected_data/004_observations.npy, collected_data/004_rewards.npy, and collected_data/004_steps.npy

--- Episode 10/50 ---
2026-02-22 09:32:41,203 - student_client.student_gym_env - INFO - Episode 5f969dbb-2b63-4008-bf08-324f42770daa reset successfully
 Obs shape=(10, 9) Reward=461.93, Total Episode Reward=461.93
 Obs shape=(10, 9) Reward=398.33, Total Episode Reward=860.25
 Obs shape=(10, 9) Reward=378.10, Total Episode Reward=1238.36
 Obs shape=(10, 9) Reward=357.31, Total Episode Reward=1595.66
 Obs shape=(10, 9) Reward=290.54, Total Episode Reward=1886.20
 Obs shape=(10, 9) Reward=286.34, Total Episode Reward=2172.54
 Obs shape=(10, 9) Reward=244.58, Total Episode Reward=2417.12
 Obs shape=(10, 9) Reward=170.87, Total Episode Reward=2587.99
 Obs shape=(10, 9) Reward=165.36, Total Episode Reward=2753.35
 Obs shape=(10, 9) Reward=126.88, Total Episode Reward=2880.22
 Obs shape=(10, 9) Reward=76.07, Total Episode Reward=2956.29
Episode 5f969dbb-2b63-4008-bf08-324f42770daa reached termination state, reason: failure
 Obs shape=(1, 9) Reward=-1000.00, Total Episode Reward=1956.29
üèÅ Episode 10 ended. Total Reward: 1956.29

--- Saving data after 10 episodes ---
Data saved to collected_data/004_observations.npy, collected_data/004_rewards.npy, and collected_data/004_steps.npy

--- Episode 11/50 ---
2026-02-22 09:33:52,968 - student_client.student_gym_env - INFO - Episode 5f969dbb-2b63-4008-bf08-324f42770daa reset successfully
 Obs shape=(10, 9) Reward=435.18, Total Episode Reward=435.18
 Obs shape=(10, 9) Reward=402.86, Total Episode Reward=838.04
 Obs shape=(10, 9) Reward=371.55, Total Episode Reward=1209.60
 Obs shape=(10, 9) Reward=348.09, Total Episode Reward=1557.69
 Obs shape=(10, 9) Reward=288.87, Total Episode Reward=1846.56
 Obs shape=(10, 9) Reward=248.98, Total Episode Reward=2095.54
 Obs shape=(10, 9) Reward=223.71, Total Episode Reward=2319.25
 Obs shape=(10, 9) Reward=190.25, Total Episode Reward=2509.50
 Obs shape=(10, 9) Reward=138.39, Total Episode Reward=2647.88
 Obs shape=(10, 9) Reward=120.88, Total Episode Reward=2768.76
 Obs shape=(10, 9) Reward=35.40, Total Episode Reward=2804.16
Episode 5f969dbb-2b63-4008-bf08-324f42770daa reached termination state, reason: failure
 Obs shape=(7, 9) Reward=-1000.00, Total Episode Reward=1804.16
üèÅ Episode 11 ended. Total Reward: 1804.16

--- Saving data after 11 episodes ---
Data saved to collected_data/004_observations.npy, collected_data/004_rewards.npy, and collected_data/004_steps.npy

--- Episode 12/50 ---
2026-02-22 09:35:01,882 - student_client.student_gym_env - INFO - Episode 5f969dbb-2b63-4008-bf08-324f42770daa reset successfully
 Obs shape=(10, 9) Reward=444.41, Total Episode Reward=444.41
 Obs shape=(10, 9) Reward=412.73, Total Episode Reward=857.14
 Obs shape=(10, 9) Reward=382.47, Total Episode Reward=1239.61
 Obs shape=(10, 9) Reward=354.42, Total Episode Reward=1594.03
 Obs shape=(10, 9) Reward=309.80, Total Episode Reward=1903.83
 Obs shape=(10, 9) Reward=255.22, Total Episode Reward=2159.05
Episode 5f969dbb-2b63-4008-bf08-324f42770daa reached termination state, reason: failure
 Obs shape=(4, 9) Reward=-1000.00, Total Episode Reward=1159.05
üèÅ Episode 12 ended. Total Reward: 1159.05

--- Saving data after 12 episodes ---
Data saved to collected_data/004_observations.npy, collected_data/004_rewards.npy, and collected_data/004_steps.npy

--- Episode 13/50 ---
2026-02-22 09:35:45,710 - student_client.student_gym_env - INFO - Episode 5f969dbb-2b63-4008-bf08-324f42770daa reset successfully
 Obs shape=(10, 9) Reward=451.55, Total Episode Reward=451.55
 Obs shape=(10, 9) Reward=440.18, Total Episode Reward=891.73
 Obs shape=(10, 9) Reward=399.38, Total Episode Reward=1291.12
 Obs shape=(10, 9) Reward=346.72, Total Episode Reward=1637.84
 Obs shape=(10, 9) Reward=323.97, Total Episode Reward=1961.81
 Obs shape=(10, 9) Reward=285.25, Total Episode Reward=2247.05
 Obs shape=(10, 9) Reward=220.37, Total Episode Reward=2467.43
 Obs shape=(10, 9) Reward=190.60, Total Episode Reward=2658.02
 Obs shape=(10, 9) Reward=150.87, Total Episode Reward=2808.89
Episode 5f969dbb-2b63-4008-bf08-324f42770daa reached termination state, reason: failure
 Obs shape=(9, 9) Reward=-1000.00, Total Episode Reward=1808.89
üèÅ Episode 13 ended. Total Reward: 1808.89

--- Saving data after 13 episodes ---
Data saved to collected_data/004_observations.npy, collected_data/004_rewards.npy, and collected_data/004_steps.npy

--- Episode 14/50 ---
2026-02-22 09:36:46,641 - student_client.student_gym_env - INFO - Episode 5f969dbb-2b63-4008-bf08-324f42770daa reset successfully
 Obs shape=(10, 9) Reward=461.04, Total Episode Reward=461.04
 Obs shape=(10, 9) Reward=391.63, Total Episode Reward=852.67
 Obs shape=(10, 9) Reward=392.78, Total Episode Reward=1245.45
 Obs shape=(10, 9) Reward=322.33, Total Episode Reward=1567.77
 Obs shape=(10, 9) Reward=292.81, Total Episode Reward=1860.59
 Obs shape=(10, 9) Reward=259.22, Total Episode Reward=2119.81
 Obs shape=(10, 9) Reward=251.56, Total Episode Reward=2371.37
 Obs shape=(10, 9) Reward=184.60, Total Episode Reward=2555.96
 Obs shape=(10, 9) Reward=167.63, Total Episode Reward=2723.59
 Obs shape=(10, 9) Reward=134.79, Total Episode Reward=2858.38
Episode 5f969dbb-2b63-4008-bf08-324f42770daa reached termination state, reason: failure
 Obs shape=(6, 9) Reward=-1000.00, Total Episode Reward=1858.38
üèÅ Episode 14 ended. Total Reward: 1858.38

--- Saving data after 14 episodes ---
Data saved to collected_data/004_observations.npy, collected_data/004_rewards.npy, and collected_data/004_steps.npy

--- Episode 15/50 ---
2026-02-22 09:37:55,767 - student_client.student_gym_env - INFO - Episode 5f969dbb-2b63-4008-bf08-324f42770daa reset successfully
 Obs shape=(10, 9) Reward=449.32, Total Episode Reward=449.32
 Obs shape=(10, 9) Reward=425.68, Total Episode Reward=875.00
 Obs shape=(10, 9) Reward=375.75, Total Episode Reward=1250.75
 Obs shape=(10, 9) Reward=313.75, Total Episode Reward=1564.49
 Obs shape=(10, 9) Reward=324.42, Total Episode Reward=1888.91
 Obs shape=(10, 9) Reward=270.64, Total Episode Reward=2159.55
 Obs shape=(10, 9) Reward=213.38, Total Episode Reward=2372.93
 Obs shape=(10, 9) Reward=177.60, Total Episode Reward=2550.53
 Obs shape=(10, 9) Reward=151.35, Total Episode Reward=2701.88
 Obs shape=(10, 9) Reward=112.57, Total Episode Reward=2814.44
 Obs shape=(10, 9) Reward=69.27, Total Episode Reward=2883.72
 Obs shape=(10, 9) Reward=69.37, Total Episode Reward=2953.09
 Obs shape=(10, 9) Reward=34.47, Total Episode Reward=2987.55
 Obs shape=(10, 9) Reward=-11.34, Total Episode Reward=2976.21
 Obs shape=(10, 9) Reward=-44.37, Total Episode Reward=2931.84
2026-02-22 09:39:35,682 - student_client.student_gym_env - ERROR - Failed to step episode 5f969dbb-2b63-4008-bf08-324f42770daa: Server error '500 Internal Server Error' for url 'http://rlchallenge.orailix.com/api/v1/episode/step'
For more information check: https://developer.mozilla.org/en-US/docs/Web/HTTP/Status/500
 Obs shape=(1, 9) Reward=0.00, Total Episode Reward=2931.84
üèÅ Episode 15 ended. Total Reward: 2931.84

--- Saving data after 15 episodes ---
Data saved to collected_data/004_observations.npy, collected_data/004_rewards.npy, and collected_data/004_steps.npy

--- Episode 16/50 ---
2026-02-22 09:39:38,976 - student_client.student_gym_env - INFO - Episode 5f969dbb-2b63-4008-bf08-324f42770daa reset successfully
 Obs shape=(10, 9) Reward=450.01, Total Episode Reward=450.01
 Obs shape=(10, 9) Reward=426.81, Total Episode Reward=876.82
 Obs shape=(10, 9) Reward=381.77, Total Episode Reward=1258.59
 Obs shape=(10, 9) Reward=332.67, Total Episode Reward=1591.26
 Obs shape=(10, 9) Reward=297.81, Total Episode Reward=1889.07
 Obs shape=(10, 9) Reward=247.86, Total Episode Reward=2136.93
 Obs shape=(10, 9) Reward=226.03, Total Episode Reward=2362.96
 Obs shape=(10, 9) Reward=184.98, Total Episode Reward=2547.94
 Obs shape=(10, 9) Reward=164.60, Total Episode Reward=2712.54
Episode 5f969dbb-2b63-4008-bf08-324f42770daa reached termination state, reason: failure
 Obs shape=(5, 9) Reward=-1000.00, Total Episode Reward=1712.54
üèÅ Episode 16 ended. Total Reward: 1712.54

--- Saving data after 16 episodes ---
Data saved to collected_data/004_observations.npy, collected_data/004_rewards.npy, and collected_data/004_steps.npy

--- Episode 17/50 ---
2026-02-22 09:40:37,449 - student_client.student_gym_env - INFO - Episode 5f969dbb-2b63-4008-bf08-324f42770daa reset successfully
 Obs shape=(10, 9) Reward=451.79, Total Episode Reward=451.79
 Obs shape=(10, 9) Reward=433.25, Total Episode Reward=885.03
 Obs shape=(10, 9) Reward=387.10, Total Episode Reward=1272.14
 Obs shape=(10, 9) Reward=338.66, Total Episode Reward=1610.80
 Obs shape=(10, 9) Reward=270.03, Total Episode Reward=1880.83
 Obs shape=(10, 9) Reward=258.93, Total Episode Reward=2139.76
 Obs shape=(10, 9) Reward=207.00, Total Episode Reward=2346.76
 Obs shape=(10, 9) Reward=187.51, Total Episode Reward=2534.26
 Obs shape=(10, 9) Reward=146.24, Total Episode Reward=2680.51
 Obs shape=(10, 9) Reward=117.16, Total Episode Reward=2797.66
 Obs shape=(10, 9) Reward=84.62, Total Episode Reward=2882.28
Episode 5f969dbb-2b63-4008-bf08-324f42770daa reached termination state, reason: failure
 Obs shape=(9, 9) Reward=-1000.00, Total Episode Reward=1882.28
üèÅ Episode 17 ended. Total Reward: 1882.28

--- Saving data after 17 episodes ---
Data saved to collected_data/004_observations.npy, collected_data/004_rewards.npy, and collected_data/004_steps.npy

--- Episode 18/50 ---
2026-02-22 09:41:49,316 - student_client.student_gym_env - INFO - Episode 5f969dbb-2b63-4008-bf08-324f42770daa reset successfully
 Obs shape=(10, 9) Reward=448.68, Total Episode Reward=448.68
 Obs shape=(10, 9) Reward=415.70, Total Episode Reward=864.38
 Obs shape=(10, 9) Reward=384.94, Total Episode Reward=1249.32
 Obs shape=(10, 9) Reward=363.08, Total Episode Reward=1612.40
 Obs shape=(10, 9) Reward=295.21, Total Episode Reward=1907.61
 Obs shape=(10, 9) Reward=266.03, Total Episode Reward=2173.64
 Obs shape=(10, 9) Reward=231.52, Total Episode Reward=2405.15
 Obs shape=(10, 9) Reward=184.69, Total Episode Reward=2589.85
 Obs shape=(10, 9) Reward=140.25, Total Episode Reward=2730.10
 Obs shape=(10, 9) Reward=115.65, Total Episode Reward=2845.75
 Obs shape=(10, 9) Reward=90.59, Total Episode Reward=2936.34
Episode 5f969dbb-2b63-4008-bf08-324f42770daa reached termination state, reason: failure
 Obs shape=(9, 9) Reward=-1000.00, Total Episode Reward=1936.34
üèÅ Episode 18 ended. Total Reward: 1936.34

--- Saving data after 18 episodes ---
Data saved to collected_data/004_observations.npy, collected_data/004_rewards.npy, and collected_data/004_steps.npy

--- Episode 19/50 ---
2026-02-22 09:43:07,157 - student_client.student_gym_env - ERROR - Failed to reset episode 5f969dbb-2b63-4008-bf08-324f42770daa: Server error '500 Internal Server Error' for url 'http://rlchallenge.orailix.com/api/v1/episode/reset'
For more information check: https://developer.mozilla.org/en-US/docs/Web/HTTP/Status/500
Traceback (most recent call last):
  File "D:\Personal\Polytechnique\3A\P2\CSC581RL\Challenge\challenge_CSC_52081_EP\student_client\student_gym_env.py", line 311, in reset
    response.raise_for_status()
  File "C:\Users\ming\miniconda3\envs\FinRL\Lib\site-packages\httpx\_models.py", line 829, in raise_for_status
    raise HTTPStatusError(message, request=request, response=self)
httpx.HTTPStatusError: Server error '500 Internal Server Error' for url 'http://rlchallenge.orailix.com/api/v1/episode/reset'
For more information check: https://developer.mozilla.org/en-US/docs/Web/HTTP/Status/500

During handling of the above exception, another exception occurred:

Traceback (most recent call last):
  File "D:\Personal\Polytechnique\3A\P2\CSC581RL\Challenge\RL_dyn\data_collector.py", line 86, in <module>
    main(num_episodes=args.num_episodes, save_interval=args.save_interval, save_path=args.save_path, save_id=args.save_id)
  File "D:\Personal\Polytechnique\3A\P2\CSC581RL\Challenge\RL_dyn\data_collector.py", line 32, in main
    obs, info = env.reset()
                ^^^^^^^^^^^
  File "D:\Personal\Polytechnique\3A\P2\CSC581RL\Challenge\challenge_CSC_52081_EP\student_client\student_gym_env.py", line 334, in reset
    raise RuntimeError(f"Could not reset episode: {str(e)}")
RuntimeError: Could not reset episode: Server error '500 Internal Server Error' for url 'http://rlchallenge.orailix.com/api/v1/episode/reset'
For more information check: https://developer.mozilla.org/en-US/docs/Web/HTTP/Status/500
