2026-02-22 09:53:50,696 - student_client.student_gym_env - INFO - Client version 0.3 is newer than latest 0.2
2026-02-22 09:53:51,183 - student_client.student_gym_env - INFO - Created new session: 0bbed734-1c66-4cd2-83af-d7cae056fd85
2026-02-22 09:53:54,070 - student_client.student_gym_env - INFO - Created new episode: 7f3ca775-2ac0-4b9b-9d4d-3c4e084187d3
2026-02-22 09:53:54,072 - student_client.student_gym_env - INFO - StudentGymEnv initialized with episode 7f3ca775-2ac0-4b9b-9d4d-3c4e084187d3
2026-02-22 09:54:01,754 - student_client.student_gym_env - INFO - Episode 7f3ca775-2ac0-4b9b-9d4d-3c4e084187d3 reset successfully

Starting data collection for 50 episodes...

--- Episode 1/50 ---
2026-02-22 09:54:07,839 - student_client.student_gym_env - INFO - Episode 7f3ca775-2ac0-4b9b-9d4d-3c4e084187d3 reset successfully
 Obs shape=(10, 9) Reward=454.45, Total Episode Reward=454.45
 Obs shape=(10, 9) Reward=443.10, Total Episode Reward=897.55
 Obs shape=(10, 9) Reward=394.77, Total Episode Reward=1292.33
 Obs shape=(10, 9) Reward=351.30, Total Episode Reward=1643.62
 Obs shape=(10, 9) Reward=305.00, Total Episode Reward=1948.63
 Obs shape=(10, 9) Reward=252.62, Total Episode Reward=2201.24
 Obs shape=(10, 9) Reward=229.18, Total Episode Reward=2430.42
 Obs shape=(10, 9) Reward=155.81, Total Episode Reward=2586.23
 Obs shape=(10, 9) Reward=135.37, Total Episode Reward=2721.60
 Obs shape=(10, 9) Reward=114.44, Total Episode Reward=2836.04
 Obs shape=(10, 9) Reward=72.71, Total Episode Reward=2908.75
Episode 7f3ca775-2ac0-4b9b-9d4d-3c4e084187d3 reached termination state, reason: failure
 Obs shape=(6, 9) Reward=-1000.00, Total Episode Reward=1908.75
üèÅ Episode 1 ended. Total Reward: 1908.75

--- Saving data after 1 episodes ---
Data saved to collected_data/25_observations.npy, collected_data/25_rewards.npy, and collected_data/25_steps.npy

--- Episode 2/50 ---
2026-02-22 09:58:04,130 - student_client.student_gym_env - INFO - Episode 7f3ca775-2ac0-4b9b-9d4d-3c4e084187d3 reset successfully
 Obs shape=(10, 9) Reward=455.52, Total Episode Reward=455.52
 Obs shape=(10, 9) Reward=412.25, Total Episode Reward=867.77
 Obs shape=(10, 9) Reward=369.22, Total Episode Reward=1237.00
 Obs shape=(10, 9) Reward=319.28, Total Episode Reward=1556.28
 Obs shape=(10, 9) Reward=316.41, Total Episode Reward=1872.69
 Obs shape=(10, 9) Reward=269.40, Total Episode Reward=2142.09
 Obs shape=(10, 9) Reward=182.50, Total Episode Reward=2324.59
 Obs shape=(10, 9) Reward=192.59, Total Episode Reward=2517.18
 Obs shape=(10, 9) Reward=135.25, Total Episode Reward=2652.43
 Obs shape=(10, 9) Reward=98.98, Total Episode Reward=2751.41
Episode 7f3ca775-2ac0-4b9b-9d4d-3c4e084187d3 reached termination state, reason: failure
 Obs shape=(7, 9) Reward=-1000.00, Total Episode Reward=1751.41
üèÅ Episode 2 ended. Total Reward: 1751.41

--- Saving data after 2 episodes ---
Data saved to collected_data/25_observations.npy, collected_data/25_rewards.npy, and collected_data/25_steps.npy

--- Episode 3/50 ---
2026-02-22 10:01:41,292 - student_client.student_gym_env - INFO - Episode 7f3ca775-2ac0-4b9b-9d4d-3c4e084187d3 reset successfully
 Obs shape=(10, 9) Reward=482.61, Total Episode Reward=482.61
 Obs shape=(10, 9) Reward=380.65, Total Episode Reward=863.27
 Obs shape=(10, 9) Reward=349.92, Total Episode Reward=1213.19
 Obs shape=(10, 9) Reward=360.73, Total Episode Reward=1573.92
 Obs shape=(10, 9) Reward=300.91, Total Episode Reward=1874.83
 Obs shape=(10, 9) Reward=272.66, Total Episode Reward=2147.49
 Obs shape=(10, 9) Reward=215.66, Total Episode Reward=2363.14
 Obs shape=(10, 9) Reward=178.97, Total Episode Reward=2542.11
Episode 7f3ca775-2ac0-4b9b-9d4d-3c4e084187d3 reached termination state, reason: failure
 Obs shape=(3, 9) Reward=-1000.00, Total Episode Reward=1542.11
üèÅ Episode 3 ended. Total Reward: 1542.11

--- Saving data after 3 episodes ---
Data saved to collected_data/25_observations.npy, collected_data/25_rewards.npy, and collected_data/25_steps.npy

--- Episode 4/50 ---
2026-02-22 10:04:23,673 - student_client.student_gym_env - INFO - Episode 7f3ca775-2ac0-4b9b-9d4d-3c4e084187d3 reset successfully
 Obs shape=(10, 9) Reward=447.78, Total Episode Reward=447.78
 Obs shape=(10, 9) Reward=395.48, Total Episode Reward=843.26
 Obs shape=(10, 9) Reward=399.49, Total Episode Reward=1242.75
 Obs shape=(10, 9) Reward=322.22, Total Episode Reward=1564.97
 Obs shape=(10, 9) Reward=296.78, Total Episode Reward=1861.75
 Obs shape=(10, 9) Reward=264.76, Total Episode Reward=2126.51
 Obs shape=(10, 9) Reward=223.29, Total Episode Reward=2349.80
 Obs shape=(10, 9) Reward=196.67, Total Episode Reward=2546.47
 Obs shape=(10, 9) Reward=143.63, Total Episode Reward=2690.10
 Obs shape=(10, 9) Reward=114.98, Total Episode Reward=2805.08
Episode 7f3ca775-2ac0-4b9b-9d4d-3c4e084187d3 reached termination state, reason: failure
 Obs shape=(7, 9) Reward=-1000.00, Total Episode Reward=1805.08
üèÅ Episode 4 ended. Total Reward: 1805.08

--- Saving data after 4 episodes ---
Data saved to collected_data/25_observations.npy, collected_data/25_rewards.npy, and collected_data/25_steps.npy

--- Episode 5/50 ---
2026-02-22 10:07:51,279 - student_client.student_gym_env - INFO - Episode 7f3ca775-2ac0-4b9b-9d4d-3c4e084187d3 reset successfully
 Obs shape=(10, 9) Reward=440.24, Total Episode Reward=440.24
 Obs shape=(10, 9) Reward=423.70, Total Episode Reward=863.94
 Obs shape=(10, 9) Reward=378.62, Total Episode Reward=1242.57
 Obs shape=(10, 9) Reward=331.17, Total Episode Reward=1573.74
 Obs shape=(10, 9) Reward=309.97, Total Episode Reward=1883.71
 Obs shape=(10, 9) Reward=270.72, Total Episode Reward=2154.43
 Obs shape=(10, 9) Reward=239.67, Total Episode Reward=2394.11
 Obs shape=(10, 9) Reward=191.90, Total Episode Reward=2586.01
Episode 7f3ca775-2ac0-4b9b-9d4d-3c4e084187d3 reached termination state, reason: failure
 Obs shape=(3, 9) Reward=-1000.00, Total Episode Reward=1586.01
üèÅ Episode 5 ended. Total Reward: 1586.01

--- Saving data after 5 episodes ---
Data saved to collected_data/25_observations.npy, collected_data/25_rewards.npy, and collected_data/25_steps.npy

--- Episode 6/50 ---
2026-02-22 10:10:47,298 - student_client.student_gym_env - INFO - Episode 7f3ca775-2ac0-4b9b-9d4d-3c4e084187d3 reset successfully
 Obs shape=(10, 9) Reward=474.35, Total Episode Reward=474.35
 Obs shape=(10, 9) Reward=421.15, Total Episode Reward=895.50
 Obs shape=(10, 9) Reward=385.83, Total Episode Reward=1281.33
 Obs shape=(10, 9) Reward=333.08, Total Episode Reward=1614.41
 Obs shape=(10, 9) Reward=285.61, Total Episode Reward=1900.02
 Obs shape=(10, 9) Reward=250.18, Total Episode Reward=2150.20
 Obs shape=(10, 9) Reward=235.39, Total Episode Reward=2385.59
Episode 7f3ca775-2ac0-4b9b-9d4d-3c4e084187d3 reached termination state, reason: failure
 Obs shape=(8, 9) Reward=-1000.00, Total Episode Reward=1385.59
üèÅ Episode 6 ended. Total Reward: 1385.59

--- Saving data after 6 episodes ---
Data saved to collected_data/25_observations.npy, collected_data/25_rewards.npy, and collected_data/25_steps.npy

--- Episode 7/50 ---
2026-02-22 10:13:17,489 - student_client.student_gym_env - INFO - Episode 7f3ca775-2ac0-4b9b-9d4d-3c4e084187d3 reset successfully
 Obs shape=(10, 9) Reward=478.68, Total Episode Reward=478.68
 Obs shape=(10, 9) Reward=438.36, Total Episode Reward=917.04
 Obs shape=(10, 9) Reward=360.80, Total Episode Reward=1277.84
 Obs shape=(10, 9) Reward=328.06, Total Episode Reward=1605.90
 Obs shape=(10, 9) Reward=325.33, Total Episode Reward=1931.22
 Obs shape=(10, 9) Reward=259.70, Total Episode Reward=2190.92
 Obs shape=(10, 9) Reward=224.48, Total Episode Reward=2415.40
 Obs shape=(10, 9) Reward=205.52, Total Episode Reward=2620.93
 Obs shape=(10, 9) Reward=131.44, Total Episode Reward=2752.37
 Obs shape=(10, 9) Reward=111.04, Total Episode Reward=2863.40
 Obs shape=(10, 9) Reward=77.29, Total Episode Reward=2940.69
 Obs shape=(10, 9) Reward=45.50, Total Episode Reward=2986.20
Episode 7f3ca775-2ac0-4b9b-9d4d-3c4e084187d3 reached termination state, reason: failure
 Obs shape=(6, 9) Reward=-1000.00, Total Episode Reward=1986.20
üèÅ Episode 7 ended. Total Reward: 1986.20

--- Saving data after 7 episodes ---
Data saved to collected_data/25_observations.npy, collected_data/25_rewards.npy, and collected_data/25_steps.npy

--- Episode 8/50 ---
2026-02-22 10:17:25,379 - student_client.student_gym_env - INFO - Episode 7f3ca775-2ac0-4b9b-9d4d-3c4e084187d3 reset successfully
 Obs shape=(10, 9) Reward=451.42, Total Episode Reward=451.42
 Obs shape=(10, 9) Reward=421.57, Total Episode Reward=872.99
 Obs shape=(10, 9) Reward=381.11, Total Episode Reward=1254.10
 Obs shape=(10, 9) Reward=337.22, Total Episode Reward=1591.32
 Obs shape=(10, 9) Reward=325.95, Total Episode Reward=1917.27
 Obs shape=(10, 9) Reward=292.31, Total Episode Reward=2209.57
 Obs shape=(10, 9) Reward=252.96, Total Episode Reward=2462.54
 Obs shape=(10, 9) Reward=228.38, Total Episode Reward=2690.92
 Obs shape=(10, 9) Reward=181.36, Total Episode Reward=2872.27
 Obs shape=(10, 9) Reward=136.46, Total Episode Reward=3008.73
 Obs shape=(10, 9) Reward=108.28, Total Episode Reward=3117.02
 Obs shape=(10, 9) Reward=73.28, Total Episode Reward=3190.30
Episode 7f3ca775-2ac0-4b9b-9d4d-3c4e084187d3 reached termination state, reason: failure
 Obs shape=(8, 9) Reward=-1000.00, Total Episode Reward=2190.30
üèÅ Episode 8 ended. Total Reward: 2190.30

--- Saving data after 8 episodes ---
Data saved to collected_data/25_observations.npy, collected_data/25_rewards.npy, and collected_data/25_steps.npy

--- Episode 9/50 ---
2026-02-22 10:21:29,569 - student_client.student_gym_env - INFO - Episode 7f3ca775-2ac0-4b9b-9d4d-3c4e084187d3 reset successfully
 Obs shape=(10, 9) Reward=469.38, Total Episode Reward=469.38
 Obs shape=(10, 9) Reward=403.41, Total Episode Reward=872.79
 Obs shape=(10, 9) Reward=362.62, Total Episode Reward=1235.41
 Obs shape=(10, 9) Reward=332.87, Total Episode Reward=1568.28
 Obs shape=(10, 9) Reward=290.63, Total Episode Reward=1858.91
 Obs shape=(10, 9) Reward=251.97, Total Episode Reward=2110.88
 Obs shape=(10, 9) Reward=205.80, Total Episode Reward=2316.68
 Obs shape=(10, 9) Reward=176.60, Total Episode Reward=2493.28
 Obs shape=(10, 9) Reward=150.13, Total Episode Reward=2643.41
 Obs shape=(10, 9) Reward=113.10, Total Episode Reward=2756.51
Episode 7f3ca775-2ac0-4b9b-9d4d-3c4e084187d3 reached termination state, reason: failure
 Obs shape=(5, 9) Reward=-1000.00, Total Episode Reward=1756.51
üèÅ Episode 9 ended. Total Reward: 1756.51

--- Saving data after 9 episodes ---
Data saved to collected_data/25_observations.npy, collected_data/25_rewards.npy, and collected_data/25_steps.npy

--- Episode 10/50 ---
2026-02-22 10:24:40,327 - student_client.student_gym_env - INFO - Episode 7f3ca775-2ac0-4b9b-9d4d-3c4e084187d3 reset successfully
 Obs shape=(10, 9) Reward=456.73, Total Episode Reward=456.73
 Obs shape=(10, 9) Reward=406.79, Total Episode Reward=863.52
 Obs shape=(10, 9) Reward=394.25, Total Episode Reward=1257.77
 Obs shape=(10, 9) Reward=319.28, Total Episode Reward=1577.05
 Obs shape=(10, 9) Reward=322.27, Total Episode Reward=1899.32
 Obs shape=(10, 9) Reward=294.20, Total Episode Reward=2193.52
 Obs shape=(10, 9) Reward=231.08, Total Episode Reward=2424.61
 Obs shape=(10, 9) Reward=183.23, Total Episode Reward=2607.84
 Obs shape=(10, 9) Reward=147.29, Total Episode Reward=2755.13
 Obs shape=(10, 9) Reward=109.36, Total Episode Reward=2864.49
 Obs shape=(10, 9) Reward=95.47, Total Episode Reward=2959.97
Episode 7f3ca775-2ac0-4b9b-9d4d-3c4e084187d3 reached termination state, reason: failure
 Obs shape=(1, 9) Reward=-1000.00, Total Episode Reward=1959.97
üèÅ Episode 10 ended. Total Reward: 1959.97

--- Saving data after 10 episodes ---
Data saved to collected_data/25_observations.npy, collected_data/25_rewards.npy, and collected_data/25_steps.npy

--- Episode 11/50 ---
2026-02-22 10:27:48,617 - student_client.student_gym_env - INFO - Episode 7f3ca775-2ac0-4b9b-9d4d-3c4e084187d3 reset successfully
 Obs shape=(10, 9) Reward=451.85, Total Episode Reward=451.85
 Obs shape=(10, 9) Reward=416.27, Total Episode Reward=868.13
 Obs shape=(10, 9) Reward=365.80, Total Episode Reward=1233.92
 Obs shape=(10, 9) Reward=339.45, Total Episode Reward=1573.37
 Obs shape=(10, 9) Reward=298.82, Total Episode Reward=1872.19
 Obs shape=(10, 9) Reward=262.17, Total Episode Reward=2134.37
 Obs shape=(10, 9) Reward=226.30, Total Episode Reward=2360.67
 Obs shape=(10, 9) Reward=171.62, Total Episode Reward=2532.29
 Obs shape=(10, 9) Reward=153.04, Total Episode Reward=2685.33
Episode 7f3ca775-2ac0-4b9b-9d4d-3c4e084187d3 reached termination state, reason: failure
 Obs shape=(7, 9) Reward=-1000.00, Total Episode Reward=1685.33
üèÅ Episode 11 ended. Total Reward: 1685.33

--- Saving data after 11 episodes ---
Data saved to collected_data/25_observations.npy, collected_data/25_rewards.npy, and collected_data/25_steps.npy

--- Episode 12/50 ---
2026-02-22 10:31:17,322 - student_client.student_gym_env - INFO - Episode 7f3ca775-2ac0-4b9b-9d4d-3c4e084187d3 reset successfully
 Obs shape=(10, 9) Reward=470.31, Total Episode Reward=470.31
 Obs shape=(10, 9) Reward=412.21, Total Episode Reward=882.52
 Obs shape=(10, 9) Reward=359.29, Total Episode Reward=1241.81
 Obs shape=(10, 9) Reward=319.78, Total Episode Reward=1561.59
 Obs shape=(10, 9) Reward=289.53, Total Episode Reward=1851.12
 Obs shape=(10, 9) Reward=256.28, Total Episode Reward=2107.40
 Obs shape=(10, 9) Reward=219.31, Total Episode Reward=2326.71
 Obs shape=(10, 9) Reward=176.97, Total Episode Reward=2503.68
 Obs shape=(10, 9) Reward=149.99, Total Episode Reward=2653.67
 Obs shape=(10, 9) Reward=106.06, Total Episode Reward=2759.74
Episode 7f3ca775-2ac0-4b9b-9d4d-3c4e084187d3 reached termination state, reason: failure
 Obs shape=(3, 9) Reward=-1000.00, Total Episode Reward=1759.74
üèÅ Episode 12 ended. Total Reward: 1759.74

--- Saving data after 12 episodes ---
Data saved to collected_data/25_observations.npy, collected_data/25_rewards.npy, and collected_data/25_steps.npy

--- Episode 13/50 ---
2026-02-22 10:34:56,816 - student_client.student_gym_env - INFO - Episode 7f3ca775-2ac0-4b9b-9d4d-3c4e084187d3 reset successfully
 Obs shape=(10, 9) Reward=487.73, Total Episode Reward=487.73
 Obs shape=(10, 9) Reward=419.92, Total Episode Reward=907.64
 Obs shape=(10, 9) Reward=360.65, Total Episode Reward=1268.29
 Obs shape=(10, 9) Reward=343.21, Total Episode Reward=1611.50
 Obs shape=(10, 9) Reward=293.24, Total Episode Reward=1904.74
 Obs shape=(10, 9) Reward=281.58, Total Episode Reward=2186.32
 Obs shape=(10, 9) Reward=255.69, Total Episode Reward=2442.01
 Obs shape=(10, 9) Reward=196.70, Total Episode Reward=2638.71
 Obs shape=(10, 9) Reward=166.36, Total Episode Reward=2805.07
 Obs shape=(10, 9) Reward=108.17, Total Episode Reward=2913.24
 Obs shape=(10, 9) Reward=80.46, Total Episode Reward=2993.70
 Obs shape=(10, 9) Reward=50.56, Total Episode Reward=3044.26
 Obs shape=(10, 9) Reward=17.91, Total Episode Reward=3062.17
 Obs shape=(10, 9) Reward=-8.98, Total Episode Reward=3053.19
Episode 7f3ca775-2ac0-4b9b-9d4d-3c4e084187d3 reached termination state, reason: failure
 Obs shape=(7, 9) Reward=-1000.00, Total Episode Reward=2053.19
üèÅ Episode 13 ended. Total Reward: 2053.19

--- Saving data after 13 episodes ---
Data saved to collected_data/25_observations.npy, collected_data/25_rewards.npy, and collected_data/25_steps.npy

--- Episode 14/50 ---
2026-02-22 10:39:56,511 - student_client.student_gym_env - INFO - Episode 7f3ca775-2ac0-4b9b-9d4d-3c4e084187d3 reset successfully
 Obs shape=(10, 9) Reward=444.65, Total Episode Reward=444.65
 Obs shape=(10, 9) Reward=408.32, Total Episode Reward=852.97
 Obs shape=(10, 9) Reward=371.32, Total Episode Reward=1224.29
 Obs shape=(10, 9) Reward=319.19, Total Episode Reward=1543.48
 Obs shape=(10, 9) Reward=276.79, Total Episode Reward=1820.26
 Obs shape=(10, 9) Reward=249.97, Total Episode Reward=2070.24
 Obs shape=(10, 9) Reward=189.35, Total Episode Reward=2259.59
 Obs shape=(10, 9) Reward=158.58, Total Episode Reward=2418.16
 Obs shape=(10, 9) Reward=146.31, Total Episode Reward=2564.48
 Obs shape=(10, 9) Reward=94.79, Total Episode Reward=2659.27
 Obs shape=(10, 9) Reward=50.18, Total Episode Reward=2709.45
Episode 7f3ca775-2ac0-4b9b-9d4d-3c4e084187d3 reached termination state, reason: failure
 Obs shape=(7, 9) Reward=-1000.00, Total Episode Reward=1709.45
üèÅ Episode 14 ended. Total Reward: 1709.45

--- Saving data after 14 episodes ---
Data saved to collected_data/25_observations.npy, collected_data/25_rewards.npy, and collected_data/25_steps.npy

--- Episode 15/50 ---
2026-02-22 10:44:02,444 - student_client.student_gym_env - INFO - Episode 7f3ca775-2ac0-4b9b-9d4d-3c4e084187d3 reset successfully
 Obs shape=(10, 9) Reward=470.66, Total Episode Reward=470.66
 Obs shape=(10, 9) Reward=420.37, Total Episode Reward=891.03
 Obs shape=(10, 9) Reward=363.47, Total Episode Reward=1254.50
 Obs shape=(10, 9) Reward=347.10, Total Episode Reward=1601.60
 Obs shape=(10, 9) Reward=306.90, Total Episode Reward=1908.50
 Obs shape=(10, 9) Reward=271.51, Total Episode Reward=2180.01
 Obs shape=(10, 9) Reward=244.68, Total Episode Reward=2424.68
Episode 7f3ca775-2ac0-4b9b-9d4d-3c4e084187d3 reached termination state, reason: failure
 Obs shape=(8, 9) Reward=-1000.00, Total Episode Reward=1424.68
üèÅ Episode 15 ended. Total Reward: 1424.68

--- Saving data after 15 episodes ---
Data saved to collected_data/25_observations.npy, collected_data/25_rewards.npy, and collected_data/25_steps.npy

--- Episode 16/50 ---
2026-02-22 10:46:48,110 - student_client.student_gym_env - ERROR - Failed to reset episode 7f3ca775-2ac0-4b9b-9d4d-3c4e084187d3: timed out
Traceback (most recent call last):
  File "C:\Users\ming\miniconda3\envs\FinRL\Lib\site-packages\httpx\_transports\default.py", line 101, in map_httpcore_exceptions
    yield
  File "C:\Users\ming\miniconda3\envs\FinRL\Lib\site-packages\httpx\_transports\default.py", line 250, in handle_request
    resp = self._pool.handle_request(req)
           ^^^^^^^^^^^^^^^^^^^^^^^^^^^^^^
  File "C:\Users\ming\miniconda3\envs\FinRL\Lib\site-packages\httpcore\_sync\connection_pool.py", line 256, in handle_request
    raise exc from None
  File "C:\Users\ming\miniconda3\envs\FinRL\Lib\site-packages\httpcore\_sync\connection_pool.py", line 236, in handle_request
    response = connection.handle_request(
               ^^^^^^^^^^^^^^^^^^^^^^^^^^
  File "C:\Users\ming\miniconda3\envs\FinRL\Lib\site-packages\httpcore\_sync\connection.py", line 103, in handle_request
    return self._connection.handle_request(request)
           ^^^^^^^^^^^^^^^^^^^^^^^^^^^^^^^^^^^^^^^^
  File "C:\Users\ming\miniconda3\envs\FinRL\Lib\site-packages\httpcore\_sync\http11.py", line 136, in handle_request
    raise exc
  File "C:\Users\ming\miniconda3\envs\FinRL\Lib\site-packages\httpcore\_sync\http11.py", line 106, in handle_request
    ) = self._receive_response_headers(**kwargs)
        ^^^^^^^^^^^^^^^^^^^^^^^^^^^^^^^^^^^^^^^^
  File "C:\Users\ming\miniconda3\envs\FinRL\Lib\site-packages\httpcore\_sync\http11.py", line 177, in _receive_response_headers
    event = self._receive_event(timeout=timeout)
            ^^^^^^^^^^^^^^^^^^^^^^^^^^^^^^^^^^^^
  File "C:\Users\ming\miniconda3\envs\FinRL\Lib\site-packages\httpcore\_sync\http11.py", line 217, in _receive_event
    data = self._network_stream.read(
           ^^^^^^^^^^^^^^^^^^^^^^^^^^
  File "C:\Users\ming\miniconda3\envs\FinRL\Lib\site-packages\httpcore\_backends\sync.py", line 126, in read
    with map_exceptions(exc_map):
  File "C:\Users\ming\miniconda3\envs\FinRL\Lib\contextlib.py", line 158, in __exit__
    self.gen.throw(typ, value, traceback)
  File "C:\Users\ming\miniconda3\envs\FinRL\Lib\site-packages\httpcore\_exceptions.py", line 14, in map_exceptions
    raise to_exc(exc) from exc
httpcore.ReadTimeout: timed out

The above exception was the direct cause of the following exception:

Traceback (most recent call last):
  File "D:\Personal\Polytechnique\3A\P2\CSC581RL\Challenge\challenge_CSC_52081_EP\student_client\student_gym_env.py", line 310, in reset
    response = self.client.post("/api/v1/episode/reset", json=reset_data)
               ^^^^^^^^^^^^^^^^^^^^^^^^^^^^^^^^^^^^^^^^^^^^^^^^^^^^^^^^^^
  File "C:\Users\ming\miniconda3\envs\FinRL\Lib\site-packages\httpx\_client.py", line 1144, in post
    return self.request(
           ^^^^^^^^^^^^^
  File "C:\Users\ming\miniconda3\envs\FinRL\Lib\site-packages\httpx\_client.py", line 825, in request
    return self.send(request, auth=auth, follow_redirects=follow_redirects)
           ^^^^^^^^^^^^^^^^^^^^^^^^^^^^^^^^^^^^^^^^^^^^^^^^^^^^^^^^^^^^^^^^
  File "C:\Users\ming\miniconda3\envs\FinRL\Lib\site-packages\httpx\_client.py", line 914, in send
    response = self._send_handling_auth(
               ^^^^^^^^^^^^^^^^^^^^^^^^^
  File "C:\Users\ming\miniconda3\envs\FinRL\Lib\site-packages\httpx\_client.py", line 942, in _send_handling_auth
    response = self._send_handling_redirects(
               ^^^^^^^^^^^^^^^^^^^^^^^^^^^^^^
  File "C:\Users\ming\miniconda3\envs\FinRL\Lib\site-packages\httpx\_client.py", line 979, in _send_handling_redirects
    response = self._send_single_request(request)
               ^^^^^^^^^^^^^^^^^^^^^^^^^^^^^^^^^^
  File "C:\Users\ming\miniconda3\envs\FinRL\Lib\site-packages\httpx\_client.py", line 1014, in _send_single_request
    response = transport.handle_request(request)
               ^^^^^^^^^^^^^^^^^^^^^^^^^^^^^^^^^
  File "C:\Users\ming\miniconda3\envs\FinRL\Lib\site-packages\httpx\_transports\default.py", line 249, in handle_request
    with map_httpcore_exceptions():
  File "C:\Users\ming\miniconda3\envs\FinRL\Lib\contextlib.py", line 158, in __exit__
    self.gen.throw(typ, value, traceback)
  File "C:\Users\ming\miniconda3\envs\FinRL\Lib\site-packages\httpx\_transports\default.py", line 118, in map_httpcore_exceptions
    raise mapped_exc(message) from exc
httpx.ReadTimeout: timed out

During handling of the above exception, another exception occurred:

Traceback (most recent call last):
  File "D:\Personal\Polytechnique\3A\P2\CSC581RL\Challenge\RL_dyn\data_collector.py", line 86, in <module>
    main(num_episodes=args.num_episodes, save_interval=args.save_interval, save_path=args.save_path, save_id=args.save_id)
  File "D:\Personal\Polytechnique\3A\P2\CSC581RL\Challenge\RL_dyn\data_collector.py", line 32, in main
    obs, info = env.reset()
                ^^^^^^^^^^^
  File "D:\Personal\Polytechnique\3A\P2\CSC581RL\Challenge\challenge_CSC_52081_EP\student_client\student_gym_env.py", line 334, in reset
    raise RuntimeError(f"Could not reset episode: {str(e)}")
RuntimeError: Could not reset episode: timed out
